// Jest Snapshot v1, https://goo.gl/fbAQLP

exports[`Home matches snapshot 1`] = `
<div class="lg:mr-64">
  <h1 class="break-words text-4xl font-extrabold tracking-tight text-rails-dark sm:text-5xl lg:text-6xl">Hello, World!</h1>
  <p class="mt-6 max-w-4xl text-base lg:text-xl"> Templatus is an opinionated template for web applications with <b>Ruby on Rails</b> and <b>Vue.js 3</b></p>
</div>
<div class="flex flex-col mt-5 w-full lg:absolute lg:-top-5 lg:-right-10 lg:mt-0 lg:w-56 lg:rounded lg:bg-gradient-to-br lg:from-slate-100 lg:to-white lg:p-3 lg:shadow">
  <div id="counter" class="text-center">
    <transition-stub>
      <div class="text-5xl font-bold">42</div>
    </transition-stub>
    <div class="py-1 uppercase">Clicks</div>
  </div><button type="button" class="mt-3 w-full rounded bg-rose py-2 font-medium text-black hover:bg-rails-light hover:text-white active:outline-none active:ring-2 active:ring-rails-light active:ring-offset-1"> Click me! </button>
  <p class="mt-3 hidden text-center text-xs text-gray-600 sm:block"> Tip: Open two browser windows in parallel and see what happens. </p>
</div>
<h2 class="mt-20 text-center text-xl font-medium uppercase tracking-wide text-rails-dark sm:text-left"> Latest clicks </h2>
<transition-group-stub>
  <li class="py-4">
    <p><span class="rounded bg-gray-900 py-1 px-2 font-mono text-rose">1.2.3.4</span><span class="ml-2 px-1 font-medium text-gray-900">Sun, 23 May 2021 09:27:21 GMT</span></p><code class="mt-4 block font-extralight text-gray-500">Jest</code>
  </li>
</transition-group-stub>
`;
